[www.kwerk.fr/index.html]
[backblue.gif]
[fade.gif]
[index.html]
[unpkg.com/aos@2.3.1/dist/aos.css]
[www.kwerk.fr/favicon.ico]
[www.kwerk.fr/css/navbar.css]
[www.kwerk.fr/css/styles.css]
[www.kwerk.fr/css/footer.css]
[www.kwerk.fr/images/logo_kwerk.png]
[www.kwerk.fr/images/content/Salle_de_reunion_Mes_1.jpg]
[www.kwerk.fr/images/menu_burger.svg]
[www.kwerk.fr/images/logo-sans-bureaux.png]
[www.kwerk.fr/en.html]
[www.kwerk.fr/contact.html]
[www.kwerk.fr/images/logo-kwerk-noir.png]
[www.kwerk.fr/images/close_cross.svg]
[www.kwerk.fr/espaces.html]
[www.kwerk.fr/services.html]
[www.kwerk.fr/event.html]
[www.kwerk.fr/galerie.html]
[www.kwerk.fr/images/adresses.png]
[www.kwerk.fr/adresses.html]
[www.kwerk.fr/adresses/messine.html]
[www.kwerk.fr/adresses/saint-honore.html]
[www.kwerk.fr/adresses/madeleine.html]
[www.kwerk.fr/adresses/haussmann.html]
[www.kwerk.fr/images/content/Lobby_Mes_1.jpg]
[www.kwerk.fr/images/content/Escalier_SHO_1.jpg]
[www.kwerk.fr/images/content/Lobby_Mad_1.jpg]
[www.kwerk.fr/images/content/Lobby_Hsm_1.jpg]
[www.kwerk.fr/images/content/Dana_1.jpg]
[www.kwerk.fr/images/content/Sport_Sho_1.jpg]
[www.kwerk.fr/images/content/Rooftop_Sho_IA_1.png]
[www.kwerk.fr/images/content/BARISTA_MESSINE(2).jpg]
[www.kwerk.fr/images/content/ESPACE_WELLNESS_MESSINE(5).jpg]
[www.kwerk.fr/images/content/Rooftop_Madeleine_IA_1.png]
[www.kwerk.fr/images/content/SALLE_DE_RÉUNION_MESSINE(10).jpg]
[www.kwerk.fr/images/content/SHO_privatifs.png]
[www.kwerk.fr/js/univers.js]
[www.kwerk.fr/images/footer_social/instagram.svg]
[www.kwerk.fr/images/footer_social/linkedin.svg]
[www.kwerk.fr/cgu.html]
[www.kwerk.fr/mentions-legales.html]
[unpkg.com/aos@2.3.1/dist/aos.js]
[js-eu1.hs-scripts.com/26225487.js]
[www.kwerk.fr/js/sticky.js]
[www.kwerk.fr/js/contact.js]
[www.kwerk.fr/js/form.js]
[www.kwerk.fr/js/footer.js]
[www.kwerk.fr/js/script.js]
[www.kwerk.fr/js/loader.js]
[www.kwerk.fr/index.html]
[www.googletagmanager.com/gtm5445.html]
[unpkg.com/aos@2.3.1/dist/aos.css]
[www.kwerk.fr/css/navbar.css]
[www.kwerk.fr/images/messine/messine_3.png]
[www.kwerk.fr/css/styles.css]
[www.kwerk.fr/images/messine/messine_2.png]
[www.kwerk.fr/css/footer.css]
[www.kwerk.fr/images/menu_burger.svg]
[www.kwerk.fr/en/contact.html]
[www.kwerk.fr/en/espaces.html]
[www.kwerk.fr/en/services.html]
[www.kwerk.fr/en/event.html]
[www.kwerk.fr/en/galerie.html]
[www.kwerk.fr/en/adresses.html]
[www.kwerk.fr/en/adresses/messine.html]
[www.kwerk.fr/en/adresses/saint-honore.html]
[www.kwerk.fr/en/adresses/madeleine.html]
[www.kwerk.fr/en.html]
[www.kwerk.fr/en/adresses/haussmann.html]
[www.kwerk.fr/css/navbar_galerie.css]
[www.kwerk.fr/images/menu_burger_noir.svg]
[www.kwerk.fr/images/galerie/messine/SalledereunionMes1.jpg]
[www.kwerk.fr/images/galerie/messine/RooftopMes1.jpg]
[www.kwerk.fr/images/content/bureau_header.png]
[www.kwerk.fr/contact.html]
[www.kwerk.fr/images/close_cross.svg]
[www.kwerk.fr/images/Bureau_header.png]
[www.kwerk.fr/images/content/Bureaux_Hsm_1.png]
[www.kwerk.fr/images/content/Suite_SHO_2.png]
[www.kwerk.fr/espaces.html]
[www.kwerk.fr/images/content/Suite_SHO_v2.png]
[www.kwerk.fr/images/galerie/messine/SportMes1.jpg]
[www.kwerk.fr/images/caroussel_service/dana.png]
[www.kwerk.fr/images/galerie/saint-honore/LOBBY_SHO_LOUNGE.jpg]
[www.kwerk.fr/images/galerie/saint-honore/SportSho1.jpg]
[www.kwerk.fr/services.html]
[www.kwerk.fr/images/messine/ESPACE_WELLNESS_MESSINE_5.jpg]
[www.kwerk.fr/images/galerie/saint-honore/RooftopShoIA1.png]
[www.kwerk.fr/images/galerie/saint-honore/SHO_8EME.jpg]
[www.kwerk.fr/images/event/Terrasse_MAD.png]
[www.kwerk.fr/images/galerie/saint-honore/Traiteur.jpg]
[www.kwerk.fr/images/galerie/saint-honore/Event_SHO_Lobby.png]
[www.kwerk.fr/images/event/Winter_Party_1.png]
[www.kwerk.fr/images/galerie/saint-honore/Traiteur_2.jpg]
[www.kwerk.fr/images/KWERK VDEF 16.9.mp4]
[www.kwerk.fr/event.html]
[www.kwerk.fr/galerie.html]
[www.kwerk.fr/js/galerie.js]
[www.kwerk.fr/images/content/ROOFTOP_MESSINE(4]
[www.kwerk.fr/adresses.html]
[www.kwerk.fr/images/logo_adresses.svg]
[www.kwerk.fr/images/content/ROOFTOP_MESSINE(4).jpg]
[www.kwerk.fr/images/content/Sport_Mes_1.jpg]
[www.kwerk.fr/galeriec5cd.html]
[www.kwerk.fr/images/content/YOGA.jpg]
[www.kwerk.fr/images/content/Lobby_Mes_2.jpg]
[www.kwerk.fr/images/content/Lobby_Mes_Fauteuils_3.jpg]
[www.kwerk.fr/images/content/Rooftop_Mes_1.jpg]
[www.kwerk.fr/adresses/messine.html]
[www.kwerk.fr/images/content/Lobby_SHO_accueil.jpg]
[www.kwerk.fr/galerie00dc.html]
[www.kwerk.fr/images/content/KWERK-ST_HONORE-JUILLET-22_006_FA.jpg]
[www.kwerk.fr/images/content/Rooftop_SHO_TE.jpg]
[www.kwerk.fr/images/content/Rooftop_Sho_2.jpg]
[www.kwerk.fr/adresses/saint-honore.html]
[www.kwerk.fr/images/content/Rooftop_Mad_1.png]
[www.kwerk.fr/images/galerie/madeleine/Privatifs_Bureau_MAD.png]
[www.kwerk.fr/images/galerie/madeleine/YogaMad1.png]
[www.kwerk.fr/galeried757.html]
[www.kwerk.fr/images/content/Lobby_Mad_3.png]
[www.kwerk.fr/images/galerie/madeleine/LobbybaristaMad1.jpg]
[www.kwerk.fr/images/galerie/madeleine/AccueilMad1.png]
[www.kwerk.fr/adresses/madeleine.html]
[www.kwerk.fr/images/content/HS_Lobby_salon_entree.jpg]
[www.kwerk.fr/images/galerie/haussmann/BureauxHsm1.png]
[www.kwerk.fr/images/galerie/haussmann/TerrasseHsm1.png]
[www.kwerk.fr/galeriea116.html]
[www.kwerk.fr/images/content/Lobby_Hsm_4.png]
[www.kwerk.fr/images/content/Kwerk_Hausmann_2025_©_21.jpg]
[www.kwerk.fr/images/content/Lobby_Hsm_3.jpg]
[www.kwerk.fr/images/content/Rooftop_HSM_2.png]
[www.kwerk.fr/adresses/haussmann.html]
[www.kwerk.fr/images/footer_social/instagram.svg]
[www.kwerk.fr/images/footer_social/linkedin.svg]
[www.kwerk.fr/en/cgu]
[www.kwerk.fr/cdn-cgi/l/email-protection]
[www.kwerk.fr/cgu.html]
[www.kwerk.fr/cdn-cgi/scripts/5c5dd728/cloudflare-static/email-decode.min.js]
[www.kwerk.fr/en/mentions-legales]
[www.kwerk.fr/mentions-legales.html]
[www.kwerk.fr/en/index.html]
[www.kwerk.fr/en/contact.html]
[www.kwerk.fr/en/espaces.html]
[www.kwerk.fr/en/services.html]
[www.kwerk.fr/en/event.html]
[www.kwerk.fr/en/galerie.html]
[www.kwerk.fr/en/adresses.html]
[www.kwerk.fr/en/adresses/messine.html]
[www.kwerk.fr/en/galeriec5cd.html]
[www.kwerk.fr/en/adresses/saint-honore.html]
[www.kwerk.fr/en/galerie00dc.html]
[www.kwerk.fr/en/adresses/madeleine.html]
[www.kwerk.fr/en/galeried757.html]
[www.kwerk.fr/en/adresses/haussmann.html]
[www.kwerk.fr/css/navbar_galerie.css]
[www.kwerk.fr/images/menu_burger_noir.svg]
[www.kwerk.fr/images/content/ROOFTOP_MESSINE(4.html]
[www.kwerk.fr/images/logo_adresses.svg]
[www.kwerk.fr/galeriec5cd.html]
[www.kwerk.fr/galerie00dc.html]
[www.kwerk.fr/galeried757.html]
[www.kwerk.fr/galeriea116.html]
[www.kwerk.fr/en/cgu.html]
[www.kwerk.fr/cdn-cgi/l/email-protection.html]
[www.kwerk.fr/en/mentions-legales.html]
[www.kwerk.fr/en/galeriec5cd.html]
[www.kwerk.fr/en/galerie00dc.html]
[www.kwerk.fr/en/galeried757.html]
[www.kwerk.fr/en/galeriea116.html]
[www.kwerk.fr/en/galeriea116.html]
